 dc

 Timestamp is 592cf84f (Mon May 29 21:42:55 2017)

 Preferred load address is 0000000140000000

 Start         Length     Name                   Class
 0001:00000000 00000a40H .text                   CODE
 0001:00000a40 00000ea0H .text$mn                CODE
 0001:000018e0 00000012H .text$mn$00             CODE
 0001:000018f2 00000036H .text$x                 CODE
 0002:00000000 00000218H .idata$5                DATA
 0002:00000218 00000010H .00cfg                  DATA
 0002:00000228 00000008H .CRT$XCA                DATA
 0002:00000230 00000008H .CRT$XCAA               DATA
 0002:00000238 00000008H .CRT$XCAB               DATA
 0002:00000240 00000010H .CRT$XCU                DATA
 0002:00000250 00000008H .CRT$XCZ                DATA
 0002:00000258 00000008H .CRT$XIA                DATA
 0002:00000260 00000008H .CRT$XIAA               DATA
 0002:00000268 00000008H .CRT$XIAC               DATA
 0002:00000270 00000008H .CRT$XIB                DATA
 0002:00000278 00000008H .CRT$XID                DATA
 0002:00000280 00000008H .CRT$XIZ                DATA
 0002:00000288 00000008H .CRT$XLAB               DATA
 0002:00000290 00000008H .CRT$XPA                DATA
 0002:00000298 00000008H .CRT$XPZ                DATA
 0002:000002a0 00000008H .CRT$XTA                DATA
 0002:000002a8 00000008H .CRT$XTW                DATA
 0002:000002b0 00000008H .CRT$XTX                DATA
 0002:000002b8 00000008H .CRT$XTY                DATA
 0002:000002c0 00000020H .CRT$XTZ                DATA
 0002:000002e0 000009a8H .rdata                  DATA
 0002:00000c88 00000074H .rdata$r                DATA
 0002:00000cfc 000003e4H .rdata$zzzdbg           DATA
 0002:000010e0 00000008H .rtc$IAA                DATA
 0002:000010e8 00000008H .rtc$IZZ                DATA
 0002:000010f0 00000008H .rtc$TAA                DATA
 0002:000010f8 00000008H .rtc$TZZ                DATA
 0002:00001100 00000110H .xdata                  DATA
 0002:00001210 000000fcH .edata                  DATA
 0002:0000130c 000000a0H .idata$2                DATA
 0002:000013ac 00000014H .idata$3                DATA
 0002:000013c0 00000218H .idata$4                DATA
 0002:000015d8 000005d4H .idata$6                DATA
 0003:00000000 00000040H .ASAN$GA                DATA
 0003:00000040 000004c0H .ASAN$GL                DATA
 0003:00000500 00000040H .ASAN$GZ                DATA
 0003:00000540 00000078H .data                   DATA
 0003:000005b8 00000028H .data$r                 DATA
 0003:000005e0 00000610H .bss                    DATA
 0004:00000000 000001a4H .pdata                  DATA
 0005:00000000 00000004H .SCOV$A                 DATA
 0005:00000004 00000004H .SCOV$Z                 DATA
 0006:00000000 00000020H .gfids$y                DATA

  Address         Publics by Value              Rva+Base               Lib:Object

 0000:00000000       __dynamic_value_reloc_table 0000000000000000     <absolute>
 0000:00000000       __guard_iat_table          0000000000000000     <absolute>
 0000:00000000       __guard_iat_count          0000000000000000     <absolute>
 0000:00000000       __guard_fids_count         0000000000000000     <absolute>
 0000:00000000       __guard_longjmp_count      0000000000000000     <absolute>
 0000:00000000       ___safe_se_handler_table   0000000000000000     <absolute>
 0000:00000000       ___safe_se_handler_count   0000000000000000     <absolute>
 0000:00000000       __guard_longjmp_table      0000000000000000     <absolute>
 0000:00000000       __guard_fids_table         0000000000000000     <absolute>
 0000:00000100       __guard_flags              0000000000000100     <absolute>
 0000:00000000       __ImageBase                0000000140000000     <linker-defined>
 0001:00000000       main                       0000000140001000 f   dc-2d6197.obj
 0001:00000820       ??4B@@QEAAAEAV0@$$QEAV0@@Z 0000000140001820 f i dc-2d6197.obj
 0001:00000820       ??4B@@QEAAAEAV0@AEBV0@@Z   0000000140001820 f i dc-2d6197.obj
 0001:00000830       ?m@B@@UEAAXXZ              0000000140001830 f i dc-2d6197.obj
 0001:00000840       printf                     0000000140001840 f i dc-2d6197.obj
 0001:000009f0       ??0B@@QEAA@XZ              00000001400019f0 f i dc-2d6197.obj
 0001:000009f0       ??0B@@QEAA@AEBV0@@Z        00000001400019f0 f i dc-2d6197.obj
 0001:000009f0       ??0B@@QEAA@$$QEAV0@@Z      00000001400019f0 f i dc-2d6197.obj
 0001:00000a30       __local_stdio_printf_options 0000000140001a30 f i dc-2d6197.obj
 0001:00000afc       __asan_stack_malloc_0      0000000140001afc f   clang_rt.asan_dynamic-x86_64:clang_rt.asan_dynamic-x86_64.dll
 0001:00000b02       __asan_report_load8        0000000140001b02 f   clang_rt.asan_dynamic-x86_64:clang_rt.asan_dynamic-x86_64.dll
 0001:00000b08       __asan_report_store8       0000000140001b08 f   clang_rt.asan_dynamic-x86_64:clang_rt.asan_dynamic-x86_64.dll
 0001:00000b0e       __asan_report_load4        0000000140001b0e f   clang_rt.asan_dynamic-x86_64:clang_rt.asan_dynamic-x86_64.dll
 0001:00000b14       ??2@YAPEAX_K@Z             0000000140001b14 f   clang_rt.asan_dynamic-x86_64:clang_rt.asan_dynamic-x86_64.dll
 0001:00000b1a       __asan_init                0000000140001b1a f   clang_rt.asan_dynamic-x86_64:clang_rt.asan_dynamic-x86_64.dll
 0001:00000b20       __asan_version_mismatch_check_v8 0000000140001b20 f   clang_rt.asan_dynamic-x86_64:clang_rt.asan_dynamic-x86_64.dll
 0001:00000b26       __asan_register_globals    0000000140001b26 f   clang_rt.asan_dynamic-x86_64:clang_rt.asan_dynamic-x86_64.dll
 0001:00000b2c       __asan_unregister_globals  0000000140001b2c f   clang_rt.asan_dynamic-x86_64:clang_rt.asan_dynamic-x86_64.dll
 0001:00000b50       _alloca_probe              0000000140001b50 f   msvcrt:_chkstk_.obj
 0001:00000b50       __chkstk                   0000000140001b50 f   msvcrt:_chkstk_.obj
 0001:00000bc0       __security_check_cookie    0000000140001bc0 f   msvcrt:_amdsecgs_.obj
 0001:00000be4       ?__scrt_initialize_type_info@@YAXXZ 0000000140001be4 f   msvcrt:tncleanup.obj
 0001:00000bf4       ??_Gtype_info@@UEAAPEAXI@Z 0000000140001bf4 f i msvcrt:std_type_info_static.obj
 0001:00000bf4       ??_Etype_info@@UEAAPEAXI@Z 0000000140001bf4 f i msvcrt:std_type_info_static.obj
 0001:00000c20       __scrt_acquire_startup_lock 0000000140001c20 f   msvcrt:utility.obj
 0001:00000c5c       __scrt_initialize_crt      0000000140001c5c f   msvcrt:utility.obj
 0001:00000ca8       __scrt_initialize_onexit_tables 0000000140001ca8 f   msvcrt:utility.obj
 0001:00000d74       __scrt_is_nonwritable_in_current_image 0000000140001d74 f   msvcrt:utility.obj
 0001:00000e10       __scrt_release_startup_lock 0000000140001e10 f   msvcrt:utility.obj
 0001:00000e34       __scrt_uninitialize_crt    0000000140001e34 f   msvcrt:utility.obj
 0001:00000e60       _onexit                    0000000140001e60 f   msvcrt:utility.obj
 0001:00000eb0       atexit                     0000000140001eb0 f   msvcrt:utility.obj
 0001:00001128       mainCRTStartup             0000000140002128 f   msvcrt:exe_main.obj
 0001:0000113c       __raise_securityfailure    000000014000213c f   msvcrt:gs_report.obj
 0001:00001170       __report_gsfailure         0000000140002170 f   msvcrt:gs_report.obj
 0001:000012b8       ??3@YAXPEAX_K@Z            00000001400022b8 f   msvcrt:delete_scalar_size.obj
 0001:000012c0       __isa_available_init       00000001400022c0 f   msvcrt:_cpu_disp_.obj
 0001:00001488       _get_startup_argv_mode     0000000140002488 f   msvcrt:argv_mode.obj
 0001:00001490       __scrt_is_ucrt_dll_in_use  0000000140002490 f   msvcrt:ucrt_detection.obj
 0001:0000149c       __scrt_fastfail            000000014000249c f   msvcrt:utility_desktop.obj
 0001:000015e4       __scrt_is_managed_app      00000001400025e4 f   msvcrt:utility_desktop.obj
 0001:00001638       __scrt_set_unhandled_exception_filter 0000000140002638 f   msvcrt:utility_desktop.obj
 0001:00001648       __scrt_unhandled_exception_filter 0000000140002648 f   msvcrt:utility_desktop.obj
 0001:00001680       _guard_check_icall         0000000140002680 f i msvcrt:checkcfg.obj
 0001:00001688       __security_init_cookie     0000000140002688 f   msvcrt:gs_support.obj
 0001:00001734       _get_startup_file_mode     0000000140002734 f   msvcrt:file_mode.obj
 0001:0000173c       _get_startup_commit_mode   000000014000273c f   msvcrt:commit_mode.obj
 0001:0000173c       _get_startup_thread_locale_mode 000000014000273c f   msvcrt:thread_locale.obj
 0001:0000173c       __scrt_initialize_winrt    000000014000273c f   msvcrt:utility_desktop.obj
 0001:0000173c       _get_startup_new_mode      000000014000273c f   msvcrt:new_mode.obj
 0001:0000173c       _matherr                   000000014000273c f   msvcrt:matherr.obj
 0001:00001740       _should_initialize_environment 0000000140002740 f   msvcrt:env_mode.obj
 0001:00001740       __vcrt_uninitialize        0000000140002740 f   msvcrt:ucrt_stubs.obj
 0001:00001740       __vcrt_initialize          0000000140002740 f   msvcrt:ucrt_stubs.obj
 0001:00001740       __scrt_stub_for_acrt_initialize 0000000140002740 f   msvcrt:ucrt_stubs.obj
 0001:00001740       __acrt_uninitialize        0000000140002740 f   msvcrt:ucrt_stubs.obj
 0001:00001740       __scrt_stub_for_acrt_uninitialize 0000000140002740 f   msvcrt:ucrt_stubs.obj
 0001:00001740       __acrt_initialize          0000000140002740 f   msvcrt:ucrt_stubs.obj
 0001:00001744       __local_stdio_scanf_options 0000000140002744 f i msvcrt:default_local_stdio_options.obj
 0001:0000174c       __scrt_initialize_default_local_stdio_options 000000014000274c f   msvcrt:default_local_stdio_options.obj
 0001:00001768       __scrt_is_user_matherr_present 0000000140002768 f   msvcrt:matherr_detection.obj
 0001:00001774       __scrt_get_dyn_tls_init_callback 0000000140002774 f   msvcrt:dyn_tls_init.obj
 0001:0000177c       __scrt_get_dyn_tls_dtor_callback 000000014000277c f   msvcrt:dyn_tls_dtor.obj
 0001:00001784       _RTC_Initialize            0000000140002784 f   msvcrt:_initsect_.obj
 0001:000017d0       _RTC_Terminate             00000001400027d0 f   msvcrt:_initsect_.obj
 0001:0000181c       ??3@YAXPEAX@Z              000000014000281c f   msvcrt:delete_scalar.obj
 0001:00001824       _guard_check_icall_nop     0000000140002824 f i msvcrt:guard_support.obj
 0001:00001824       _initialize_invalid_parameter_handler 0000000140002824 f i msvcrt:invalid_parameter_handler.obj
 0001:00001824       _initialize_denormal_control 0000000140002824 f i msvcrt:denormal_control.obj
 0001:00001830       IsProcessorFeaturePresent  0000000140002830 f   kernel32:KERNEL32.dll
 0001:00001836       __RTtypeid                 0000000140002836 f   vcruntime:VCRUNTIME140.dll
 0001:0000183c       __C_specific_handler       000000014000283c f   vcruntime:VCRUNTIME140.dll
 0001:00001842       memset                     0000000140002842 f   vcruntime:VCRUNTIME140.dll
 0001:00001848       puts                       0000000140002848 f   ucrt:api-ms-win-crt-stdio-l1-1-0.dll
 0001:0000184e       _initterm                  000000014000284e f   ucrt:api-ms-win-crt-runtime-l1-1-0.dll
 0001:00001854       _configure_narrow_argv     0000000140002854 f   ucrt:api-ms-win-crt-runtime-l1-1-0.dll
 0001:0000185a       _initialize_narrow_environment 000000014000285a f   ucrt:api-ms-win-crt-runtime-l1-1-0.dll
 0001:00001860       _initialize_onexit_table   0000000140002860 f   ucrt:api-ms-win-crt-runtime-l1-1-0.dll
 0001:00001866       _register_onexit_function  0000000140002866 f   ucrt:api-ms-win-crt-runtime-l1-1-0.dll
 0001:0000186c       _crt_atexit                000000014000286c f   ucrt:api-ms-win-crt-runtime-l1-1-0.dll
 0001:00001872       _cexit                     0000000140002872 f   ucrt:api-ms-win-crt-runtime-l1-1-0.dll
 0001:00001878       _seh_filter_exe            0000000140002878 f   ucrt:api-ms-win-crt-runtime-l1-1-0.dll
 0001:0000187e       _set_app_type              000000014000287e f   ucrt:api-ms-win-crt-runtime-l1-1-0.dll
 0001:00001884       __setusermatherr           0000000140002884 f   ucrt:api-ms-win-crt-math-l1-1-0.dll
 0001:0000188a       _get_initial_narrow_environment 000000014000288a f   ucrt:api-ms-win-crt-runtime-l1-1-0.dll
 0001:00001890       _initterm_e                0000000140002890 f   ucrt:api-ms-win-crt-runtime-l1-1-0.dll
 0001:00001896       exit                       0000000140002896 f   ucrt:api-ms-win-crt-runtime-l1-1-0.dll
 0001:0000189c       _exit                      000000014000289c f   ucrt:api-ms-win-crt-runtime-l1-1-0.dll
 0001:000018a2       _set_fmode                 00000001400028a2 f   ucrt:api-ms-win-crt-stdio-l1-1-0.dll
 0001:000018a8       __p___argc                 00000001400028a8 f   ucrt:api-ms-win-crt-runtime-l1-1-0.dll
 0001:000018ae       __p___argv                 00000001400028ae f   ucrt:api-ms-win-crt-runtime-l1-1-0.dll
 0001:000018b4       _c_exit                    00000001400028b4 f   ucrt:api-ms-win-crt-runtime-l1-1-0.dll
 0001:000018ba       _register_thread_local_exe_atexit_callback 00000001400028ba f   ucrt:api-ms-win-crt-runtime-l1-1-0.dll
 0001:000018c0       _configthreadlocale        00000001400028c0 f   ucrt:api-ms-win-crt-locale-l1-1-0.dll
 0001:000018c6       _set_new_mode              00000001400028c6 f   ucrt:api-ms-win-crt-heap-l1-1-0.dll
 0001:000018cc       __p__commode               00000001400028cc f   ucrt:api-ms-win-crt-stdio-l1-1-0.dll
 0001:000018d2       terminate                  00000001400028d2 f   ucrt:api-ms-win-crt-runtime-l1-1-0.dll
 0001:000018d8       free                       00000001400028d8 f   ucrt:api-ms-win-crt-heap-l1-1-0.dll
 0001:000018f0       _guard_dispatch_icall_nop  00000001400028f0 f   msvcrt:_guard_dispatch_.obj
 0002:00000000       __imp_InitializeSListHead  0000000140003000     kernel32:KERNEL32.dll
 0002:00000008       __imp_QueryPerformanceCounter 0000000140003008     kernel32:KERNEL32.dll
 0002:00000010       __imp_GetModuleHandleW     0000000140003010     kernel32:KERNEL32.dll
 0002:00000018       __imp_IsDebuggerPresent    0000000140003018     kernel32:KERNEL32.dll
 0002:00000020       __imp_IsProcessorFeaturePresent 0000000140003020     kernel32:KERNEL32.dll
 0002:00000028       __imp_TerminateProcess     0000000140003028     kernel32:KERNEL32.dll
 0002:00000030       __imp_GetCurrentProcess    0000000140003030     kernel32:KERNEL32.dll
 0002:00000038       __imp_SetUnhandledExceptionFilter 0000000140003038     kernel32:KERNEL32.dll
 0002:00000040       __imp_UnhandledExceptionFilter 0000000140003040     kernel32:KERNEL32.dll
 0002:00000048       __imp_GetSystemTimeAsFileTime 0000000140003048     kernel32:KERNEL32.dll
 0002:00000050       __imp_GetCurrentThreadId   0000000140003050     kernel32:KERNEL32.dll
 0002:00000058       __imp_GetCurrentProcessId  0000000140003058     kernel32:KERNEL32.dll
 0002:00000060       __imp_RtlCaptureContext    0000000140003060     kernel32:KERNEL32.dll
 0002:00000068       __imp_RtlLookupFunctionEntry 0000000140003068     kernel32:KERNEL32.dll
 0002:00000070       __imp_RtlVirtualUnwind     0000000140003070     kernel32:KERNEL32.dll
 0002:00000078       \177KERNEL32_NULL_THUNK_DATA 0000000140003078     kernel32:KERNEL32.dll
 0002:00000080       __imp___RTtypeid           0000000140003080     vcruntime:VCRUNTIME140.dll
 0002:00000088       __imp___std_type_info_name 0000000140003088     vcruntime:VCRUNTIME140.dll
 0002:00000090       __imp___RTDynamicCast      0000000140003090     vcruntime:VCRUNTIME140.dll
 0002:00000098       __imp___C_specific_handler 0000000140003098     vcruntime:VCRUNTIME140.dll
 0002:000000a0       __imp_memset               00000001400030a0     vcruntime:VCRUNTIME140.dll
 0002:000000a8       \177VCRUNTIME140_NULL_THUNK_DATA 00000001400030a8     vcruntime:VCRUNTIME140.dll
 0002:000000b0       __imp_free                 00000001400030b0     ucrt:api-ms-win-crt-heap-l1-1-0.dll
 0002:000000b8       __imp__set_new_mode        00000001400030b8     ucrt:api-ms-win-crt-heap-l1-1-0.dll
 0002:000000c0       \177api-ms-win-crt-heap-l1-1-0_NULL_THUNK_DATA 00000001400030c0     ucrt:api-ms-win-crt-heap-l1-1-0.dll
 0002:000000c8       __imp__configthreadlocale  00000001400030c8     ucrt:api-ms-win-crt-locale-l1-1-0.dll
 0002:000000d0       \177api-ms-win-crt-locale-l1-1-0_NULL_THUNK_DATA 00000001400030d0     ucrt:api-ms-win-crt-locale-l1-1-0.dll
 0002:000000d8       __imp___setusermatherr     00000001400030d8     ucrt:api-ms-win-crt-math-l1-1-0.dll
 0002:000000e0       \177api-ms-win-crt-math-l1-1-0_NULL_THUNK_DATA 00000001400030e0     ucrt:api-ms-win-crt-math-l1-1-0.dll
 0002:000000e8       __imp_terminate            00000001400030e8     ucrt:api-ms-win-crt-runtime-l1-1-0.dll
 0002:000000f0       __imp__register_thread_local_exe_atexit_callback 00000001400030f0     ucrt:api-ms-win-crt-runtime-l1-1-0.dll
 0002:000000f8       __imp__c_exit              00000001400030f8     ucrt:api-ms-win-crt-runtime-l1-1-0.dll
 0002:00000100       __imp___p___argv           0000000140003100     ucrt:api-ms-win-crt-runtime-l1-1-0.dll
 0002:00000108       __imp___p___argc           0000000140003108     ucrt:api-ms-win-crt-runtime-l1-1-0.dll
 0002:00000110       __imp__exit                0000000140003110     ucrt:api-ms-win-crt-runtime-l1-1-0.dll
 0002:00000118       __imp_exit                 0000000140003118     ucrt:api-ms-win-crt-runtime-l1-1-0.dll
 0002:00000120       __imp__initterm_e          0000000140003120     ucrt:api-ms-win-crt-runtime-l1-1-0.dll
 0002:00000128       __imp__get_initial_narrow_environment 0000000140003128     ucrt:api-ms-win-crt-runtime-l1-1-0.dll
 0002:00000130       __imp__configure_narrow_argv 0000000140003130     ucrt:api-ms-win-crt-runtime-l1-1-0.dll
 0002:00000138       __imp__initialize_narrow_environment 0000000140003138     ucrt:api-ms-win-crt-runtime-l1-1-0.dll
 0002:00000140       __imp__initialize_onexit_table 0000000140003140     ucrt:api-ms-win-crt-runtime-l1-1-0.dll
 0002:00000148       __imp__register_onexit_function 0000000140003148     ucrt:api-ms-win-crt-runtime-l1-1-0.dll
 0002:00000150       __imp__crt_atexit          0000000140003150     ucrt:api-ms-win-crt-runtime-l1-1-0.dll
 0002:00000158       __imp__cexit               0000000140003158     ucrt:api-ms-win-crt-runtime-l1-1-0.dll
 0002:00000160       __imp__seh_filter_exe      0000000140003160     ucrt:api-ms-win-crt-runtime-l1-1-0.dll
 0002:00000168       __imp__set_app_type        0000000140003168     ucrt:api-ms-win-crt-runtime-l1-1-0.dll
 0002:00000170       __imp__initterm            0000000140003170     ucrt:api-ms-win-crt-runtime-l1-1-0.dll
 0002:00000178       \177api-ms-win-crt-runtime-l1-1-0_NULL_THUNK_DATA 0000000140003178     ucrt:api-ms-win-crt-runtime-l1-1-0.dll
 0002:00000180       __imp___stdio_common_vfprintf 0000000140003180     ucrt:api-ms-win-crt-stdio-l1-1-0.dll
 0002:00000188       __imp___acrt_iob_func      0000000140003188     ucrt:api-ms-win-crt-stdio-l1-1-0.dll
 0002:00000190       __imp_puts                 0000000140003190     ucrt:api-ms-win-crt-stdio-l1-1-0.dll
 0002:00000198       __imp___p__commode         0000000140003198     ucrt:api-ms-win-crt-stdio-l1-1-0.dll
 0002:000001a0       __imp__set_fmode           00000001400031a0     ucrt:api-ms-win-crt-stdio-l1-1-0.dll
 0002:000001a8       \177api-ms-win-crt-stdio-l1-1-0_NULL_THUNK_DATA 00000001400031a8     ucrt:api-ms-win-crt-stdio-l1-1-0.dll
 0002:000001b0       __imp___asan_init          00000001400031b0     clang_rt.asan_dynamic-x86_64:clang_rt.asan_dynamic-x86_64.dll
 0002:000001b8       __imp_??2@YAPEAX_K@Z       00000001400031b8     clang_rt.asan_dynamic-x86_64:clang_rt.asan_dynamic-x86_64.dll
 0002:000001c0       __imp___asan_should_detect_stack_use_after_return 00000001400031c0     clang_rt.asan_dynamic-x86_64:clang_rt.asan_dynamic-x86_64.dll
 0002:000001c8       __imp___asan_get_shadow_memory_dynamic_address 00000001400031c8     clang_rt.asan_dynamic-x86_64:clang_rt.asan_dynamic-x86_64.dll
 0002:000001d0       __imp___asan_report_store8 00000001400031d0     clang_rt.asan_dynamic-x86_64:clang_rt.asan_dynamic-x86_64.dll
 0002:000001d8       __imp___asan_report_load4  00000001400031d8     clang_rt.asan_dynamic-x86_64:clang_rt.asan_dynamic-x86_64.dll
 0002:000001e0       __imp___asan_set_seh_filter 00000001400031e0     clang_rt.asan_dynamic-x86_64:clang_rt.asan_dynamic-x86_64.dll
 0002:000001e8       __imp___asan_report_load8  00000001400031e8     clang_rt.asan_dynamic-x86_64:clang_rt.asan_dynamic-x86_64.dll
 0002:000001f0       __imp___asan_version_mismatch_check_v8 00000001400031f0     clang_rt.asan_dynamic-x86_64:clang_rt.asan_dynamic-x86_64.dll
 0002:000001f8       __imp___asan_register_globals 00000001400031f8     clang_rt.asan_dynamic-x86_64:clang_rt.asan_dynamic-x86_64.dll
 0002:00000200       __imp___asan_unregister_globals 0000000140003200     clang_rt.asan_dynamic-x86_64:clang_rt.asan_dynamic-x86_64.dll
 0002:00000208       __imp___asan_stack_malloc_0 0000000140003208     clang_rt.asan_dynamic-x86_64:clang_rt.asan_dynamic-x86_64.dll
 0002:00000210       \177clang_rt.asan_dynamic-x86_64_NULL_THUNK_DATA 0000000140003210     clang_rt.asan_dynamic-x86_64:clang_rt.asan_dynamic-x86_64.dll
 0002:00000218       __guard_check_icall_fptr   0000000140003218     msvcrt:guard_support.obj
 0002:00000220       __guard_dispatch_icall_fptr 0000000140003220     msvcrt:guard_support.obj
 0002:00000228       __xc_a                     0000000140003228     msvcrt:initializers.obj
 0002:00000238       __asan_seh_interceptor     0000000140003238     clang_rt.asan_dynamic_runtime_thunk-x86_64:asan_win_dynamic_runtime_thunk.cc.obj
 0002:00000248       __asan_dso_reg_hook        0000000140003248     clang_rt.asan_dynamic_runtime_thunk-x86_64:asan_globals_win.cc.obj
 0002:00000250       __xc_z                     0000000140003250     msvcrt:initializers.obj
 0002:00000258       __xi_a                     0000000140003258     msvcrt:initializers.obj
 0002:00000270       ?__asan_initialize_cloned_variables@@3P6AHXZEA 0000000140003270     clang_rt.asan_dynamic_runtime_thunk-x86_64:asan_win_dynamic_runtime_thunk.cc.obj
 0002:00000278       ?__asan_schedule_unregister_globals@@3P6AHXZEA 0000000140003278     clang_rt.asan_dynamic_runtime_thunk-x86_64:asan_win_dynamic_runtime_thunk.cc.obj
 0002:00000280       __xi_z                     0000000140003280     msvcrt:initializers.obj
 0002:00000288       ?__asan_tls_init@@3P6AXPEAXK0@ZEA 0000000140003288     clang_rt.asan_dynamic_runtime_thunk-x86_64:asan_win_dynamic_runtime_thunk.cc.obj
 0002:00000290       __xp_a                     0000000140003290     msvcrt:initializers.obj
 0002:00000298       __xp_z                     0000000140003298     msvcrt:initializers.obj
 0002:000002a0       __xt_a                     00000001400032a0     msvcrt:initializers.obj
 0002:000002a8       ?before_global_dtors@?A0x8ebcd0c5@@3PEAXEA 00000001400032a8     clang_rt.asan_dynamic_runtime_thunk-x86_64:asan_win_dynamic_runtime_thunk.cc.obj
 0002:000002b0       __asan_dso_unreg_hook      00000001400032b0     clang_rt.asan_dynamic_runtime_thunk-x86_64:asan_globals_win.cc.obj
 0002:000002b8       ?after_global_dtors@?A0x8ebcd0c5@@3PEAXEA 00000001400032b8     clang_rt.asan_dynamic_runtime_thunk-x86_64:asan_win_dynamic_runtime_thunk.cc.obj
 0002:000002c0       __xt_z                     00000001400032c0     msvcrt:initializers.obj
 0002:000002e8       ??_7B@@6B@                 00000001400032e8     dc-2d6197.obj
 0002:000006c0       ??_R4B@@6B@                00000001400036c0     dc-2d6197.obj
 0002:000006d8       ??_R3B@@8                  00000001400036d8     dc-2d6197.obj
 0002:000006e8       ??_R2B@@8                  00000001400036e8     dc-2d6197.obj
 0002:00000700       ??_R1A@?0A@EA@B@@8         0000000140003700     dc-2d6197.obj
 0002:00000720       ??_R1A@?0A@EA@A@@8         0000000140003720     dc-2d6197.obj
 0002:00000740       ??_R3A@@8                  0000000140003740     dc-2d6197.obj
 0002:00000750       ??_R2A@@8                  0000000140003750     dc-2d6197.obj
 0002:00000b78       ??_7type_info@@6B@         0000000140003b78     msvcrt:std_type_info_static.obj
 0002:00000bf0       _load_config_used          0000000140003bf0     msvcrt:loadcfg.obj
 0002:00000c88       ??_R4type_info@@6B@        0000000140003c88     msvcrt:std_type_info_static.obj
 0002:00000cb0       ??_R3type_info@@8          0000000140003cb0     msvcrt:std_type_info_static.obj
 0002:00000cc8       ??_R2type_info@@8          0000000140003cc8     msvcrt:std_type_info_static.obj
 0002:00000cd8       ??_R1A@?0A@EA@type_info@@8 0000000140003cd8     msvcrt:std_type_info_static.obj
 0002:000010e0       __rtc_iaa                  00000001400040e0     msvcrt:_initsect_.obj
 0002:000010e8       __rtc_izz                  00000001400040e8     msvcrt:_initsect_.obj
 0002:000010f0       __rtc_taa                  00000001400040f0     msvcrt:_initsect_.obj
 0002:000010f8       __rtc_tzz                  00000001400040f8     msvcrt:_initsect_.obj
 0002:0000130c       __IMPORT_DESCRIPTOR_clang_rt.asan_dynamic-x86_64 000000014000430c     clang_rt.asan_dynamic-x86_64:clang_rt.asan_dynamic-x86_64.dll
 0002:00001320       __IMPORT_DESCRIPTOR_KERNEL32 0000000140004320     kernel32:KERNEL32.dll
 0002:00001334       __IMPORT_DESCRIPTOR_VCRUNTIME140 0000000140004334     vcruntime:VCRUNTIME140.dll
 0002:00001348       __IMPORT_DESCRIPTOR_api-ms-win-crt-stdio-l1-1-0 0000000140004348     ucrt:api-ms-win-crt-stdio-l1-1-0.dll
 0002:0000135c       __IMPORT_DESCRIPTOR_api-ms-win-crt-runtime-l1-1-0 000000014000435c     ucrt:api-ms-win-crt-runtime-l1-1-0.dll
 0002:00001370       __IMPORT_DESCRIPTOR_api-ms-win-crt-math-l1-1-0 0000000140004370     ucrt:api-ms-win-crt-math-l1-1-0.dll
 0002:00001384       __IMPORT_DESCRIPTOR_api-ms-win-crt-locale-l1-1-0 0000000140004384     ucrt:api-ms-win-crt-locale-l1-1-0.dll
 0002:00001398       __IMPORT_DESCRIPTOR_api-ms-win-crt-heap-l1-1-0 0000000140004398     ucrt:api-ms-win-crt-heap-l1-1-0.dll
 0002:000013ac       __NULL_IMPORT_DESCRIPTOR   00000001400043ac     clang_rt.asan_dynamic-x86_64:clang_rt.asan_dynamic-x86_64.dll
 0003:00000000       __asan_globals_start       0000000140005000     clang_rt.asan_dynamic_runtime_thunk-x86_64:asan_globals_win.cc.obj
 0003:00000500       __asan_globals_end         0000000140005500     clang_rt.asan_dynamic_runtime_thunk-x86_64:asan_globals_win.cc.obj
 0003:00000540       ??_R0?AVB@@@8              0000000140005540     dc-2d6197.obj
 0003:00000560       ??_R0?AVA@@@8              0000000140005560     dc-2d6197.obj
 0003:00000578       __security_cookie          0000000140005578     msvcrt:gs_cookie.obj
 0003:00000580       __security_cookie_complement 0000000140005580     msvcrt:gs_cookie.obj
 0003:00000590       __scrt_native_dllmain_reason 0000000140005590     msvcrt:utility.obj
 0003:00000598       __isa_available            0000000140005598     msvcrt:_cpu_disp_.obj
 0003:0000059c       __isa_enabled              000000014000559c     msvcrt:_cpu_disp_.obj
 0003:000005a0       __memcpy_nt_iters          00000001400055a0     msvcrt:_cpu_disp_.obj
 0003:000005a8       __scrt_default_matherr     00000001400055a8     msvcrt:matherr.obj
 0003:000005b0       __scrt_ucrt_dll_is_in_use  00000001400055b0     msvcrt:ucrt_stubs.obj
 0003:000005b8       ??_R0?AVtype_info@@@8      00000001400055b8     msvcrt:std_type_info_static.obj
 0003:000005e0       ?_OptionsStorage@?1??__local_stdio_printf_options@@9@4_KA 00000001400055e0     dc-2d6197.obj
 0003:000005e8       __asan_option_detect_stack_use_after_return 00000001400055e8     clang_rt.asan_dynamic_runtime_thunk-x86_64:asan_win_dynamic_runtime_thunk.cc.obj
 0003:000005f0       __asan_shadow_memory_dynamic_address 00000001400055f0     clang_rt.asan_dynamic_runtime_thunk-x86_64:asan_win_dynamic_runtime_thunk.cc.obj
 0003:00000600       ?__type_info_root_node@@3U__type_info_node@@A 0000000140005600     msvcrt:tncleanup.obj
 0003:00000610       __scrt_current_native_startup_state 0000000140005610     msvcrt:utility.obj
 0003:00000618       __scrt_native_startup_lock 0000000140005618     msvcrt:utility.obj
 0003:00000bd0       __favor                    0000000140005bd0     msvcrt:_cpu_disp_.obj
 0003:00000bd4       __scrt_debugger_hook_flag  0000000140005bd4     msvcrt:utility_desktop.obj
 0003:00000bd8       ?_OptionsStorage@?1??__local_stdio_scanf_options@@9@4_KA 0000000140005bd8     msvcrt:default_local_stdio_options.obj
 0003:00000be0       __dyn_tls_dtor_callback    0000000140005be0     <common>
 0003:00000be8       __dyn_tls_init_callback    0000000140005be8     <common>
 0005:00000000       __start___sancov_guards    0000000140007000     clang_rt.asan_dynamic_runtime_thunk-x86_64:sanitizer_coverage_win_sections.cc.obj
 0005:00000004       __stop___sancov_guards     0000000140007004     clang_rt.asan_dynamic_runtime_thunk-x86_64:sanitizer_coverage_win_sections.cc.obj

 entry point at        0001:00001128

 Static symbols

 0000:ffff6000       .debug$S                   0000000140000000     ucrt:api-ms-win-crt-runtime-l1-1-0.dll
 0000:ffff6000       .debug$S                   0000000140000000     dc.exp
 0000:ffff6000       .debug$S                   0000000140000000     vcruntime:VCRUNTIME140.dll
 0000:ffff6000       .debug$S                   0000000140000000     kernel32:KERNEL32.dll
 0000:ffff6000       .debug$S                   0000000140000000     kernel32:KERNEL32.dll
 0000:ffff6000       .debug$S                   0000000140000000     kernel32:KERNEL32.dll
 0000:ffff6000       .debug$S                   0000000140000000     kernel32:KERNEL32.dll
 0000:ffff6000       .debug$S                   0000000140000000     kernel32:KERNEL32.dll
 0000:ffff6000       .debug$S                   0000000140000000     kernel32:KERNEL32.dll
 0000:ffff6000       .debug$S                   0000000140000000     kernel32:KERNEL32.dll
 0000:ffff6000       .debug$S                   0000000140000000     kernel32:KERNEL32.dll
 0000:ffff6000       .debug$S                   0000000140000000     kernel32:KERNEL32.dll
 0000:ffff6000       .debug$S                   0000000140000000     kernel32:KERNEL32.dll
 0000:ffff6000       .debug$S                   0000000140000000     kernel32:KERNEL32.dll
 0000:ffff6000       .debug$S                   0000000140000000     kernel32:KERNEL32.dll
 0000:ffff6000       .debug$S                   0000000140000000     kernel32:KERNEL32.dll
 0000:ffff6000       .debug$S                   0000000140000000     kernel32:KERNEL32.dll
 0000:ffff6000       .debug$S                   0000000140000000     kernel32:KERNEL32.dll
 0000:ffff6000       .debug$S                   0000000140000000     kernel32:KERNEL32.dll
 0000:ffff6000       .debug$S                   0000000140000000     vcruntime:VCRUNTIME140.dll
 0000:ffff6000       .debug$S                   0000000140000000     vcruntime:VCRUNTIME140.dll
 0000:ffff6000       .debug$S                   0000000140000000     vcruntime:VCRUNTIME140.dll
 0000:ffff6000       .debug$S                   0000000140000000     vcruntime:VCRUNTIME140.dll
 0000:ffff6000       .debug$S                   0000000140000000     ucrt:api-ms-win-crt-stdio-l1-1-0.dll
 0000:ffff6000       .debug$S                   0000000140000000     ucrt:api-ms-win-crt-stdio-l1-1-0.dll
 0000:ffff6000       .debug$S                   0000000140000000     ucrt:api-ms-win-crt-stdio-l1-1-0.dll
 0000:ffff6000       .debug$S                   0000000140000000     ucrt:api-ms-win-crt-stdio-l1-1-0.dll
 0000:ffff6000       .debug$S                   0000000140000000     ucrt:api-ms-win-crt-stdio-l1-1-0.dll
 0000:ffff6000       .debug$S                   0000000140000000     ucrt:api-ms-win-crt-runtime-l1-1-0.dll
 0000:ffff6000       .debug$S                   0000000140000000     ucrt:api-ms-win-crt-runtime-l1-1-0.dll
 0000:ffff6000       .debug$S                   0000000140000000     ucrt:api-ms-win-crt-runtime-l1-1-0.dll
 0000:ffff6000       .debug$S                   0000000140000000     ucrt:api-ms-win-crt-runtime-l1-1-0.dll
 0000:ffff6000       .debug$S                   0000000140000000     ucrt:api-ms-win-crt-runtime-l1-1-0.dll
 0000:ffff6000       .debug$S                   0000000140000000     clang_rt.asan_dynamic-x86_64:clang_rt.asan_dynamic-x86_64.dll
 0000:ffff6000       .debug$S                   0000000140000000     clang_rt.asan_dynamic-x86_64:clang_rt.asan_dynamic-x86_64.dll
 0000:ffff6000       .debug$S                   0000000140000000     clang_rt.asan_dynamic-x86_64:clang_rt.asan_dynamic-x86_64.dll
 0000:ffff6000       .debug$S                   0000000140000000     clang_rt.asan_dynamic-x86_64:clang_rt.asan_dynamic-x86_64.dll
 0000:ffff6000       .debug$S                   0000000140000000     clang_rt.asan_dynamic-x86_64:clang_rt.asan_dynamic-x86_64.dll
 0000:ffff6000       .debug$S                   0000000140000000     clang_rt.asan_dynamic-x86_64:clang_rt.asan_dynamic-x86_64.dll
 0000:ffff6000       .debug$S                   0000000140000000     clang_rt.asan_dynamic-x86_64:clang_rt.asan_dynamic-x86_64.dll
 0000:ffff6000       .debug$S                   0000000140000000     clang_rt.asan_dynamic-x86_64:clang_rt.asan_dynamic-x86_64.dll
 0000:ffff6000       .debug$S                   0000000140000000     clang_rt.asan_dynamic-x86_64:clang_rt.asan_dynamic-x86_64.dll
 0000:ffff6000       .debug$S                   0000000140000000     clang_rt.asan_dynamic-x86_64:clang_rt.asan_dynamic-x86_64.dll
 0000:ffff6000       .debug$S                   0000000140000000     clang_rt.asan_dynamic-x86_64:clang_rt.asan_dynamic-x86_64.dll
 0000:ffff6000       .debug$S                   0000000140000000     clang_rt.asan_dynamic-x86_64:clang_rt.asan_dynamic-x86_64.dll
 0000:ffff6000       .debug$S                   0000000140000000     ucrt:api-ms-win-crt-runtime-l1-1-0.dll
 0000:ffff6000       .debug$S                   0000000140000000     ucrt:api-ms-win-crt-runtime-l1-1-0.dll
 0000:ffff6000       .debug$S                   0000000140000000     ucrt:api-ms-win-crt-runtime-l1-1-0.dll
 0000:ffff6000       .debug$S                   0000000140000000     ucrt:api-ms-win-crt-runtime-l1-1-0.dll
 0000:ffff6000       .debug$S                   0000000140000000     ucrt:api-ms-win-crt-runtime-l1-1-0.dll
 0000:ffff6000       .debug$S                   0000000140000000     ucrt:api-ms-win-crt-runtime-l1-1-0.dll
 0000:ffff6000       .debug$S                   0000000140000000     ucrt:api-ms-win-crt-runtime-l1-1-0.dll
 0000:ffff6000       .debug$S                   0000000140000000     ucrt:api-ms-win-crt-runtime-l1-1-0.dll
 0000:ffff6000       .debug$S                   0000000140000000     ucrt:api-ms-win-crt-runtime-l1-1-0.dll
 0000:ffff6000       .debug$S                   0000000140000000     ucrt:api-ms-win-crt-runtime-l1-1-0.dll
 0000:ffff6000       .debug$S                   0000000140000000     ucrt:api-ms-win-crt-heap-l1-1-0.dll
 0000:ffff6000       .debug$S                   0000000140000000     ucrt:api-ms-win-crt-runtime-l1-1-0.dll
 0000:ffff6000       .debug$S                   0000000140000000     ucrt:api-ms-win-crt-heap-l1-1-0.dll
 0000:ffff6000       .debug$S                   0000000140000000     ucrt:api-ms-win-crt-runtime-l1-1-0.dll
 0000:ffff6000       .debug$S                   0000000140000000     ucrt:api-ms-win-crt-runtime-l1-1-0.dll
 0000:ffff6000       .debug$S                   0000000140000000     vcruntime:VCRUNTIME140.dll
 0000:ffff6000       .debug$S                   0000000140000000     ucrt:api-ms-win-crt-locale-l1-1-0.dll
 0000:ffff6000       .debug$S                   0000000140000000     ucrt:api-ms-win-crt-runtime-l1-1-0.dll
 0000:ffff6000       .debug$S                   0000000140000000     ucrt:api-ms-win-crt-runtime-l1-1-0.dll
 0000:ffff6000       .debug$S                   0000000140000000     ucrt:api-ms-win-crt-math-l1-1-0.dll
 0001:00000800       asan.module_ctor           0000000140001800 f   dc-2d6197.obj
 0001:00000a40       ?InitializeClonedVariables@@YAHXZ 0000000140001a40 f   clang_rt.asan_dynamic_runtime_thunk-x86_64:asan_win_dynamic_runtime_thunk.cc.obj
 0001:00000a70       ?asan_thread_init@@YAXPEAXK0@Z 0000000140001a70 f   clang_rt.asan_dynamic_runtime_thunk-x86_64:asan_win_dynamic_runtime_thunk.cc.obj
 0001:00000a80       ?ScheduleUnregisterGlobals@?A0x8ebcd0c5@@YAHXZ 0000000140001a80 f   clang_rt.asan_dynamic_runtime_thunk-x86_64:asan_win_dynamic_runtime_thunk.cc.obj
 0001:00000a90       SetSEHFilter               0000000140001a90 f   clang_rt.asan_dynamic_runtime_thunk-x86_64:asan_win_dynamic_runtime_thunk.cc.obj
 0001:00000aa0       ?UnregisterGlobals@?A0x8ebcd0c5@@YAXXZ 0000000140001aa0 f   clang_rt.asan_dynamic_runtime_thunk-x86_64:asan_win_dynamic_runtime_thunk.cc.obj
 0001:00000ac0       ?register_dso_globals@__asan@@YAXXZ 0000000140001ac0 f   clang_rt.asan_dynamic_runtime_thunk-x86_64:asan_globals_win.cc.obj
 0001:00000ad0       ?unregister_dso_globals@__asan@@YAXXZ 0000000140001ad0 f   clang_rt.asan_dynamic_runtime_thunk-x86_64:asan_globals_win.cc.obj
 0001:00000ae0       ?call_on_globals@__asan@@YAXP6AXPEAU__asan_global@@_K@Z@Z 0000000140001ae0 f   clang_rt.asan_dynamic_runtime_thunk-x86_64:asan_globals_win.cc.obj
 0001:00000b40       $$000000                   0000000140001b40     msvcrt:_chkstk_.obj
 0001:00000bb0       $$000000                   0000000140001bb0     msvcrt:_amdsecgs_.obj
 0001:00000ec8       ?pre_c_initialization@@YAHXZ 0000000140001ec8 f   msvcrt:exe_main.obj
 0001:00000f84       ?post_pgo_initialization@@YAHXZ 0000000140001f84 f   msvcrt:exe_main.obj
 0001:00000f94       ?pre_cpp_initialization@@YAXXZ 0000000140001f94 f   msvcrt:exe_main.obj
 0001:00000fb0       ?__scrt_common_main_seh@@YAHXZ 0000000140001fb0 f   msvcrt:exe_main.obj
 0001:00001244       capture_previous_context   0000000140002244 f   msvcrt:gs_report.obj
 0001:000018e0       $$000000                   00000001400028e0     msvcrt:_guard_dispatch_.obj
 0001:000018f2       __scrt_is_nonwritable_in_current_image$filt$0 00000001400028f2 f   msvcrt:utility.obj
 0001:0000190a       ?filt$0@?0??__scrt_common_main_seh@@YAHXZ@4HA 000000014000290a f   msvcrt:exe_main.obj
 0002:00000230       ?pre_cpp_initializer@@3P6AXXZEA 0000000140003230     msvcrt:exe_main.obj
 0002:00000260       ?pre_c_initializer@@3P6AHXZEA 0000000140003260     msvcrt:exe_main.obj
 0002:00000268       ?post_pgo_initializer@@3P6AHXZEA 0000000140003268     msvcrt:exe_main.obj
 0002:00000300       .str.1                     0000000140003300     dc-2d6197.obj
 0002:00000340       .str.2                     0000000140003340     dc-2d6197.obj
 0002:00000380       .str.3                     0000000140003380     dc-2d6197.obj
 0002:000003c0       .str.4                     00000001400033c0     dc-2d6197.obj
 0002:00000400       .str.5                     0000000140003400     dc-2d6197.obj
 0002:00000440       .str.6                     0000000140003440     dc-2d6197.obj
 0002:00000480       .str.7                     0000000140003480     dc-2d6197.obj
 0002:000004c0       .str.9                     00000001400034c0     dc-2d6197.obj
 0002:00000500       .str.10                    0000000140003500     dc-2d6197.obj
 0002:00000540       .str.11                    0000000140003540     dc-2d6197.obj
 0002:00000580       .str.12                    0000000140003580     dc-2d6197.obj
 0002:000005c0       .str.13                    00000001400035c0     dc-2d6197.obj
 0002:00000600       .str.14                    0000000140003600     dc-2d6197.obj
 0002:00000640       .str.15                    0000000140003640     dc-2d6197.obj
 0002:00000680       .str.16                    0000000140003680     dc-2d6197.obj
 0002:00000760       .str.18                    0000000140003760     dc-2d6197.obj
 0002:000007a0       .str.19                    00000001400037a0     dc-2d6197.obj
 0002:000007e0       .str.20                    00000001400037e0     dc-2d6197.obj
 0002:00000820       str                        0000000140003820     dc-2d6197.obj
 0002:00000b80       GS_ExceptionPointers       0000000140003b80     msvcrt:gs_report.obj
 0002:00001138       $xdatasym                  0000000140004138     msvcrt:_chkstk_.obj
 0002:00001140       $xdatasym                  0000000140004140     msvcrt:_amdsecgs_.obj
 0002:00001144       $unwind$__scrt_is_nonwritable_in_current_image 0000000140004144     msvcrt:utility.obj
 0002:00001164       $unwind$__scrt_is_nonwritable_in_current_image$filt$0 0000000140004164     msvcrt:utility.obj
 0002:0000116c       $unwind$__scrt_uninitialize_crt 000000014000416c     msvcrt:utility.obj
 0002:0000116c       $unwind$??_Gtype_info@@UEAAPEAXI@Z 000000014000416c     msvcrt:std_type_info_static.obj
 0002:0000116c       $unwind$__raise_securityfailure 000000014000416c     msvcrt:gs_report.obj
 0002:0000116c       $unwind$?pre_c_initialization@@YAHXZ 000000014000416c     msvcrt:exe_main.obj
 0002:0000116c       $unwind$_onexit            000000014000416c     msvcrt:utility.obj
 0002:0000116c       $unwind$__scrt_release_startup_lock 000000014000416c     msvcrt:utility.obj
 0002:0000116c       $unwind$__scrt_initialize_crt 000000014000416c     msvcrt:utility.obj
 0002:00001174       $unwind$__scrt_initialize_onexit_tables 0000000140004174     msvcrt:utility.obj
 0002:00001180       $unwind$?__scrt_common_main_seh@@YAHXZ 0000000140004180     msvcrt:exe_main.obj
 0002:000011a8       $unwind$?filt$0@?0??__scrt_common_main_seh@@YAHXZ@4HA 00000001400041a8     msvcrt:exe_main.obj
 0002:000011b0       $unwind$__report_gsfailure 00000001400041b0     msvcrt:gs_report.obj
 0002:000011b8       $unwind$capture_previous_context 00000001400041b8     msvcrt:gs_report.obj
 0002:000011c4       $unwind$__isa_available_init 00000001400041c4     msvcrt:_cpu_disp_.obj
 0002:000011d4       $unwind$__scrt_fastfail    00000001400041d4     msvcrt:utility_desktop.obj
 0002:000011e4       $unwind$__security_init_cookie 00000001400041e4     msvcrt:gs_support.obj
 0002:000011f0       $unwind$atexit             00000001400041f0     msvcrt:utility.obj
 0002:000011f0       $unwind$__scrt_unhandled_exception_filter 00000001400041f0     msvcrt:utility_desktop.obj
 0002:000011f0       $unwind$?pre_cpp_initialization@@YAXXZ 00000001400041f0     msvcrt:exe_main.obj
 0002:000011f0       $unwind$mainCRTStartup     00000001400041f0     msvcrt:exe_main.obj
 0002:000011f0       $unwind$?InitializeClonedVariables@@YAHXZ 00000001400041f0     clang_rt.asan_dynamic_runtime_thunk-x86_64:asan_win_dynamic_runtime_thunk.cc.obj
 0002:000011f0       $unwind$__scrt_is_managed_app 00000001400041f0     msvcrt:utility_desktop.obj
 0002:000011f0       $unwind$?post_pgo_initialization@@YAHXZ 00000001400041f0     msvcrt:exe_main.obj
 0002:000011f0       $unwind$__scrt_initialize_default_local_stdio_options 00000001400041f0     msvcrt:default_local_stdio_options.obj
 0002:000011f0       $unwind$__scrt_acquire_startup_lock 00000001400041f0     msvcrt:utility.obj
 0002:000011f8       $unwind$_RTC_Terminate     00000001400041f8     msvcrt:_initsect_.obj
 0002:000011f8       $unwind$_RTC_Initialize    00000001400041f8     msvcrt:_initsect_.obj
 0002:00001208       $xdatasym                  0000000140004208     msvcrt:_guard_dispatch_.obj
 0002:00001210       .edata                     0000000140004210     dc.exp
 0002:00001238       rgpv                       0000000140004238     dc.exp
 0002:00001254       rgszName                   0000000140004254     dc.exp
 0002:00001270       rgwOrd                     0000000140004270     dc.exp
 0002:0000127e       szName                     000000014000427e     dc.exp
 0002:00001285       $N00001                    0000000140004285     dc.exp
 0002:0000129b       $N00002                    000000014000429b     dc.exp
 0002:000012af       $N00003                    00000001400042af     dc.exp
 0002:000012bd       $N00004                    00000001400042bd     dc.exp
 0002:000012d8       $N00005                    00000001400042d8     dc.exp
 0002:000012f1       $N00006                    00000001400042f1     dc.exp
 0002:000012fc       $N00007                    00000001400042fc     dc.exp
 0002:00001720       .idata$6                   0000000140004720     clang_rt.asan_dynamic-x86_64:clang_rt.asan_dynamic-x86_64.dll
 0002:000018a0       .idata$6                   00000001400048a0     kernel32:KERNEL32.dll
 0002:00001908       .idata$6                   0000000140004908     vcruntime:VCRUNTIME140.dll
 0002:00001b08       .idata$6                   0000000140004b08     ucrt:api-ms-win-crt-stdio-l1-1-0.dll
 0002:00001b28       .idata$6                   0000000140004b28     ucrt:api-ms-win-crt-runtime-l1-1-0.dll
 0002:00001b4a       .idata$6                   0000000140004b4a     ucrt:api-ms-win-crt-math-l1-1-0.dll
 0002:00001b6a       .idata$6                   0000000140004b6a     ucrt:api-ms-win-crt-locale-l1-1-0.dll
 0002:00001b8c       .idata$6                   0000000140004b8c     ucrt:api-ms-win-crt-heap-l1-1-0.dll
 0003:00000620       ?module_local_atexit_table@@3U_onexit_table_t@@A 0000000140005620     msvcrt:utility.obj
 0003:00000638       ?module_local_at_quick_exit_table@@3U_onexit_table_t@@A 0000000140005638     msvcrt:utility.obj
 0003:00000650       ?is_initialized_as_dll@@3_NA 0000000140005650     msvcrt:utility.obj
 0003:00000660       GS_ExceptionRecord         0000000140005660     msvcrt:gs_report.obj
 0003:00000700       GS_ContextRecord           0000000140005700     msvcrt:gs_report.obj
 0004:00000030       $pdata$?InitializeClonedVariables@@YAHXZ 0000000140006030     clang_rt.asan_dynamic_runtime_thunk-x86_64:asan_win_dynamic_runtime_thunk.cc.obj
 0004:00000054       $pdata$??_Gtype_info@@UEAAPEAXI@Z 0000000140006054     msvcrt:std_type_info_static.obj
 0004:00000060       $pdata$__scrt_acquire_startup_lock 0000000140006060     msvcrt:utility.obj
 0004:0000006c       $pdata$__scrt_initialize_crt 000000014000606c     msvcrt:utility.obj
 0004:00000078       $pdata$__scrt_initialize_onexit_tables 0000000140006078     msvcrt:utility.obj
 0004:00000084       $pdata$__scrt_is_nonwritable_in_current_image 0000000140006084     msvcrt:utility.obj
 0004:00000090       $pdata$__scrt_release_startup_lock 0000000140006090     msvcrt:utility.obj
 0004:0000009c       $pdata$__scrt_uninitialize_crt 000000014000609c     msvcrt:utility.obj
 0004:000000a8       $pdata$_onexit             00000001400060a8     msvcrt:utility.obj
 0004:000000b4       $pdata$atexit              00000001400060b4     msvcrt:utility.obj
 0004:000000c0       $pdata$?pre_c_initialization@@YAHXZ 00000001400060c0     msvcrt:exe_main.obj
 0004:000000cc       $pdata$?post_pgo_initialization@@YAHXZ 00000001400060cc     msvcrt:exe_main.obj
 0004:000000d8       $pdata$?pre_cpp_initialization@@YAXXZ 00000001400060d8     msvcrt:exe_main.obj
 0004:000000e4       $pdata$?__scrt_common_main_seh@@YAHXZ 00000001400060e4     msvcrt:exe_main.obj
 0004:000000f0       $pdata$mainCRTStartup      00000001400060f0     msvcrt:exe_main.obj
 0004:000000fc       $pdata$__raise_securityfailure 00000001400060fc     msvcrt:gs_report.obj
 0004:00000108       $pdata$__report_gsfailure  0000000140006108     msvcrt:gs_report.obj
 0004:00000114       $pdata$capture_previous_context 0000000140006114     msvcrt:gs_report.obj
 0004:00000120       $pdata$__isa_available_init 0000000140006120     msvcrt:_cpu_disp_.obj
 0004:0000012c       $pdata$__scrt_fastfail     000000014000612c     msvcrt:utility_desktop.obj
 0004:00000138       $pdata$__scrt_is_managed_app 0000000140006138     msvcrt:utility_desktop.obj
 0004:00000144       $pdata$__scrt_unhandled_exception_filter 0000000140006144     msvcrt:utility_desktop.obj
 0004:00000150       $pdata$__security_init_cookie 0000000140006150     msvcrt:gs_support.obj
 0004:0000015c       $pdata$__scrt_initialize_default_local_stdio_options 000000014000615c     msvcrt:default_local_stdio_options.obj
 0004:00000168       $pdata$_RTC_Initialize     0000000140006168     msvcrt:_initsect_.obj
 0004:00000174       $pdata$_RTC_Terminate      0000000140006174     msvcrt:_initsect_.obj
 0004:0000018c       $pdata$__scrt_is_nonwritable_in_current_image$filt$0 000000014000618c     msvcrt:utility.obj
 0004:00000198       $pdata$?filt$0@?0??__scrt_common_main_seh@@YAHXZ@4HA 0000000140006198     msvcrt:exe_main.obj
 0006:00000000       __guard_fids__             0000000140008000     msvcrt:std_type_info_static.obj
 0006:00000004       __guard_fids__             0000000140008004     msvcrt:exe_main.obj
 0006:00000008       __guard_fids__             0000000140008008     msvcrt:exe_main.obj
 0006:0000000c       __guard_fids__             000000014000800c     msvcrt:exe_main.obj
 0006:00000010       __guard_fids_?pre_c_initialization@@YAHXZ 0000000140008010     msvcrt:exe_main.obj
 0006:00000018       __guard_fids___scrt_set_unhandled_exception_filter 0000000140008018     msvcrt:utility_desktop.obj
 0006:0000001c       __guard_fids__             000000014000801c     msvcrt:guard_support.obj
